[zalanvdsz@aranykacsa src]$ sudo ./zinf && sudo ./zinf && sudo ./zinf && sudo ./zinf && sudo ./zinf && sudo ./zinf && sudo ./zinf && sudo ./zinf
[sudo] password for zalanvdsz: 
PayloadSize,Throughput_KBps,MaxLatency_us,AvgLatency_us,SectorsWritten
[linux_driver] Closed /dev/loop0
[linux_driver] RAW open /dev/loop0 (fd=3, sectors=8388608)
[STORAGE] init: 0
507,7602.15,238.75,65.11,1
Chunks:    1 (   507 B) | Speed:  7602.15 KB/s | MaxLat:   238.75 us | AvgLat:    65.11 us
[linux_driver] Closed /dev/loop0
[linux_driver] RAW open /dev/loop0 (fd=3, sectors=8388608)
[STORAGE] init: 0
1014,8285.27,454.24,119.49,2
Chunks:    2 (  1014 B) | Speed:  8285.27 KB/s | MaxLat:   454.24 us | AvgLat:   119.49 us
[linux_driver] Closed /dev/loop0
[linux_driver] RAW open /dev/loop0 (fd=3, sectors=8388608)
[STORAGE] init: 0
2028,9209.51,539.82,215.03,4
Chunks:    4 (  2028 B) | Speed:  9209.51 KB/s | MaxLat:   539.82 us | AvgLat:   215.03 us
[linux_driver] Closed /dev/loop0
[linux_driver] RAW open /dev/loop0 (fd=3, sectors=8388608)
[STORAGE] init: 0
3042,8915.89,462.57,333.17,6
Chunks:    6 (  3042 B) | Speed:  8915.89 KB/s | MaxLat:   462.57 us | AvgLat:   333.17 us
[linux_driver] Closed /dev/loop0
[linux_driver] RAW open /dev/loop0 (fd=3, sectors=8388608)
[STORAGE] init: 0
4056,8917.02,722.02,444.18,8
Chunks:    8 (  4056 B) | Speed:  8917.02 KB/s | MaxLat:   722.02 us | AvgLat:   444.18 us
[linux_driver] Closed /dev/loop0
[linux_driver] RAW open /dev/loop0 (fd=3, sectors=8388608)
[STORAGE] init: 0
5070,7121.10,3882.05,695.25,10
Chunks:   10 (  5070 B) | Speed:  7121.10 KB/s | MaxLat:  3882.05 us | AvgLat:   695.25 us
[linux_driver] Closed /dev/loop0
[linux_driver] RAW open /dev/loop0 (fd=3, sectors=8388608)
[STORAGE] init: 0
6084,7773.35,1005.31,764.30,12
Chunks:   12 (  6084 B) | Speed:  7773.35 KB/s | MaxLat:  1005.31 us | AvgLat:   764.30 us
[linux_driver] Closed /dev/loop0
[linux_driver] RAW open /dev/loop0 (fd=3, sectors=8388608)
[STORAGE] init: 0
7098,9265.56,941.13,748.09,14
Chunks:   14 (  7098 B) | Speed:  9265.56 KB/s | MaxLat:   941.13 us | AvgLat:   748.09 us
[linux_driver] Closed /dev/loop0
[linux_driver] RAW open /dev/loop0 (fd=3, sectors=8388608)
[STORAGE] init: 0
8112,8658.38,1188.40,914.91,16
Chunks:   16 (  8112 B) | Speed:  8658.38 KB/s | MaxLat:  1188.40 us | AvgLat:   914.91 us
[linux_driver] Closed /dev/loop0
[linux_driver] RAW open /dev/loop0 (fd=3, sectors=8388608)
[STORAGE] init: 0
16224,8894.20,2355.54,1781.33,32
Chunks:   32 ( 16224 B) | Speed:  8894.20 KB/s | MaxLat:  2355.54 us | AvgLat:  1781.33 us
[linux_driver] Closed /dev/loop0
[linux_driver] RAW open /dev/loop0 (fd=3, sectors=8388608)
[STORAGE] init: 0
519168,9157.01,55367.36,55367.36,1024
Chunks: 1024 (519168 B) | Speed:  9157.01 KB/s | MaxLat: 55367.36 us | AvgLat: 55367.36 us
[linux_driver] Closed /dev/loop0
[linux_driver] RAW open /dev/loop0 (fd=3, sectors=8388608)
[STORAGE] init: 0
1038336,7862.50,128966.52,128966.52,2048
Chunks: 2048 (1038336 B) | Speed:  7862.50 KB/s | MaxLat: 128966.52 us | AvgLat: 128966.52 us
[linux_driver] Closed /dev/loop0
[linux_driver] RAW open /dev/loop0 (fd=3, sectors=8388608)
[STORAGE] init: 0
2076672,8457.68,239781.99,239781.99,4096
Chunks: 4096 (2076672 B) | Speed:  8457.68 KB/s | MaxLat: 239781.99 us | AvgLat: 239781.99 us
[linux_driver] Closed /dev/loop0
[linux_driver] RAW open /dev/loop0 (fd=3, sectors=8388608)
[STORAGE] init: 0
4153344,8144.06,498031.90,498031.90,8192
Chunks: 8192 (4153344 B) | Speed:  8144.06 KB/s | MaxLat: 498031.90 us | AvgLat: 498031.90 us
[linux_driver] Closed /dev/loop0
[linux_driver] RAW open /dev/loop0 (fd=3, sectors=8388608)
[STORAGE] init: 0
8306688,8010.87,1012624.06,1012624.06,16384
Chunks: 16384 (8306688 B) | Speed:  8010.87 KB/s | MaxLat: 1012624.06 us | AvgLat: 1012624.06 us
[linux_driver] Closed /dev/loop0
[linux_driver] RAW open /dev/loop0 (fd=3, sectors=8388608)
[STORAGE] init: 0
16613376,7679.87,2112534.88,2112534.88,32768
Chunks: 32768 (16613376 B) | Speed:  7679.87 KB/s | MaxLat: 2112534.88 us | AvgLat: 2112534.88 us
[linux_driver] Closed /dev/loop0
[linux_driver] RAW open /dev/loop0 (fd=3, sectors=8388608)
[STORAGE] init: 0
33226752,6893.40,4707108.01,4707108.01,65536
Chunks: 65536 (33226752 B) | Speed:  6893.40 KB/s | MaxLat: 4707108.01 us | AvgLat: 4707108.01 us
[linux_driver] Closed /dev/loop0
[linux_driver] RAW open /dev/loop0 (fd=3, sectors=8388608)
[STORAGE] init: 0
66453504,6956.82,9328400.08,9328400.08,131072
Chunks: 131072 (66453504 B) | Speed:  6956.82 KB/s | MaxLat: 9328400.08 us | AvgLat: 9328400.08 us
[linux_driver] Closed /dev/loop0
[linux_driver] RAW open /dev/loop0 (fd=3, sectors=8388608)
[STORAGE] init: 0
132907008,5983.86,21690363.45,21690363.45,262144
Chunks: 262144 (132907008 B) | Speed:  5983.86 KB/s | MaxLat: 21690363.45 us | AvgLat: 21690363.45 us
[linux_driver] Closed /dev/loop0
[linux_driver] RAW open /dev/loop0 (fd=3, sectors=8388608)
[STORAGE] init: 0
265814016,6672.02,38906371.77,38906371.77,524288
Chunks: 524288 (265814016 B) | Speed:  6672.02 KB/s | MaxLat: 38906371.77 us | AvgLat: 38906371.77 us
[linux_driver] Closed /dev/loop0
[linux_driver] RAW open /dev/loop0 (fd=3, sectors=8388608)
[STORAGE] init: 0
531628032,7601.62,68297024.17,68297024.17,1048576
Chunks: 1048576 (531628032 B) | Speed:  7601.62 KB/s | MaxLat: 68297024.17 us | AvgLat: 68297024.17 us
[linux_driver] Closed /dev/loop0
[linux_driver] RAW open /dev/loop0 (fd=3, sectors=8388608)
[STORAGE] init: 0
1063256064,7001.93,148292863.91,148292863.91,2097152
Chunks: 2097152 (1063256064 B) | Speed:  7001.93 KB/s | MaxLat: 148292863.91 us | AvgLat: 148292863.91 us
PayloadSize,Throughput_KBps,MaxLatency_us,AvgLatency_us,SectorsWritten
[linux_driver] Closed /dev/loop0
[linux_driver] RAW open /dev/loop0 (fd=3, sectors=8388608)
[STORAGE] init: 0
507,6333.27,310.96,78.16,1
Chunks:    1 (   507 B) | Speed:  6333.27 KB/s | MaxLat:   310.96 us | AvgLat:    78.16 us
[linux_driver] Closed /dev/loop0
[linux_driver] RAW open /dev/loop0 (fd=3, sectors=8388608)
[STORAGE] init: 0
1014,9210.41,187.55,107.49,2
Chunks:    2 (  1014 B) | Speed:  9210.41 KB/s | MaxLat:   187.55 us | AvgLat:   107.49 us
[linux_driver] Closed /dev/loop0
[linux_driver] RAW open /dev/loop0 (fd=3, sectors=8388608)
[STORAGE] init: 0
2028,8899.99,1011.96,222.50,4
Chunks:    4 (  2028 B) | Speed:  8899.99 KB/s | MaxLat:  1011.96 us | AvgLat:   222.50 us
[linux_driver] Closed /dev/loop0
[linux_driver] RAW open /dev/loop0 (fd=3, sectors=8388608)
[STORAGE] init: 0
3042,9091.28,516.60,326.74,6
Chunks:    6 (  3042 B) | Speed:  9091.28 KB/s | MaxLat:   516.60 us | AvgLat:   326.74 us
[linux_driver] Closed /dev/loop0
[linux_driver] RAW open /dev/loop0 (fd=3, sectors=8388608)
[STORAGE] init: 0
4056,9101.54,1459.25,435.17,8
Chunks:    8 (  4056 B) | Speed:  9101.54 KB/s | MaxLat:  1459.25 us | AvgLat:   435.17 us
[linux_driver] Closed /dev/loop0
[linux_driver] RAW open /dev/loop0 (fd=3, sectors=8388608)
[STORAGE] init: 0
5070,9031.25,778.11,548.20,10
Chunks:   10 (  5070 B) | Speed:  9031.25 KB/s | MaxLat:   778.11 us | AvgLat:   548.20 us
[linux_driver] Closed /dev/loop0
[linux_driver] RAW open /dev/loop0 (fd=3, sectors=8388608)
[STORAGE] init: 0
6084,8417.06,984.40,705.85,12
Chunks:   12 (  6084 B) | Speed:  8417.06 KB/s | MaxLat:   984.40 us | AvgLat:   705.85 us
[linux_driver] Closed /dev/loop0
[linux_driver] RAW open /dev/loop0 (fd=3, sectors=8388608)
[STORAGE] init: 0
7098,9021.23,1131.88,768.34,14
Chunks:   14 (  7098 B) | Speed:  9021.23 KB/s | MaxLat:  1131.88 us | AvgLat:   768.34 us
[linux_driver] Closed /dev/loop0
[linux_driver] RAW open /dev/loop0 (fd=3, sectors=8388608)
[STORAGE] init: 0
8112,9115.91,1111.13,868.99,16
Chunks:   16 (  8112 B) | Speed:  9115.91 KB/s | MaxLat:  1111.13 us | AvgLat:   868.99 us
[linux_driver] Closed /dev/loop0
[linux_driver] RAW open /dev/loop0 (fd=3, sectors=8388608)
[STORAGE] init: 0
16224,7315.58,2359.48,2165.72,32
Chunks:   32 ( 16224 B) | Speed:  7315.58 KB/s | MaxLat:  2359.48 us | AvgLat:  2165.72 us
[linux_driver] Closed /dev/loop0
[linux_driver] RAW open /dev/loop0 (fd=3, sectors=8388608)
[STORAGE] init: 0
519168,9191.16,55161.64,55161.64,1024
Chunks: 1024 (519168 B) | Speed:  9191.16 KB/s | MaxLat: 55161.64 us | AvgLat: 55161.64 us
[linux_driver] Closed /dev/loop0
[linux_driver] RAW open /dev/loop0 (fd=3, sectors=8388608)
[STORAGE] init: 0
1038336,7670.51,132194.56,132194.56,2048
Chunks: 2048 (1038336 B) | Speed:  7670.51 KB/s | MaxLat: 132194.56 us | AvgLat: 132194.56 us
[linux_driver] Closed /dev/loop0
[linux_driver] RAW open /dev/loop0 (fd=3, sectors=8388608)
[STORAGE] init: 0
2076672,7202.81,281556.87,281556.87,4096
Chunks: 4096 (2076672 B) | Speed:  7202.81 KB/s | MaxLat: 281556.87 us | AvgLat: 281556.87 us
[linux_driver] Closed /dev/loop0
[linux_driver] RAW open /dev/loop0 (fd=3, sectors=8388608)
[STORAGE] init: 0
4153344,7706.33,526320.18,526320.18,8192
Chunks: 8192 (4153344 B) | Speed:  7706.33 KB/s | MaxLat: 526320.18 us | AvgLat: 526320.18 us
[linux_driver] Closed /dev/loop0
[linux_driver] RAW open /dev/loop0 (fd=3, sectors=8388608)
[STORAGE] init: 0
8306688,6993.17,1159989.51,1159989.51,16384
Chunks: 16384 (8306688 B) | Speed:  6993.17 KB/s | MaxLat: 1159989.51 us | AvgLat: 1159989.51 us
[linux_driver] Closed /dev/loop0
[linux_driver] RAW open /dev/loop0 (fd=3, sectors=8388608)
[STORAGE] init: 0
16613376,5071.96,3198763.66,3198763.66,32768
Chunks: 32768 (16613376 B) | Speed:  5071.96 KB/s | MaxLat: 3198763.66 us | AvgLat: 3198763.66 us
[linux_driver] Closed /dev/loop0
[linux_driver] RAW open /dev/loop0 (fd=3, sectors=8388608)
[STORAGE] init: 0
33226752,5974.13,5431416.17,5431416.17,65536
Chunks: 65536 (33226752 B) | Speed:  5974.13 KB/s | MaxLat: 5431416.17 us | AvgLat: 5431416.17 us
[linux_driver] Closed /dev/loop0
[linux_driver] RAW open /dev/loop0 (fd=3, sectors=8388608)
[STORAGE] init: 0
66453504,6733.73,9637450.30,9637450.30,131072
Chunks: 131072 (66453504 B) | Speed:  6733.73 KB/s | MaxLat: 9637450.30 us | AvgLat: 9637450.30 us
[linux_driver] Closed /dev/loop0
[linux_driver] RAW open /dev/loop0 (fd=3, sectors=8388608)
[STORAGE] init: 0
132907008,6993.29,18559517.45,18559517.45,262144
Chunks: 262144 (132907008 B) | Speed:  6993.29 KB/s | MaxLat: 18559517.45 us | AvgLat: 18559517.45 us
[linux_driver] Closed /dev/loop0
[linux_driver] RAW open /dev/loop0 (fd=3, sectors=8388608)
[STORAGE] init: 0
265814016,6844.34,37926836.78,37926836.78,524288
Chunks: 524288 (265814016 B) | Speed:  6844.34 KB/s | MaxLat: 37926836.78 us | AvgLat: 37926836.78 us
[linux_driver] Closed /dev/loop0
[linux_driver] RAW open /dev/loop0 (fd=3, sectors=8388608)
[STORAGE] init: 0
531628032,7377.75,70369426.11,70369426.11,1048576
Chunks: 1048576 (531628032 B) | Speed:  7377.75 KB/s | MaxLat: 70369426.11 us | AvgLat: 70369426.11 us
[linux_driver] Closed /dev/loop0
[linux_driver] RAW open /dev/loop0 (fd=3, sectors=8388608)
[STORAGE] init: 0
1063256064,6482.29,160180523.49,160180523.49,2097152
Chunks: 2097152 (1063256064 B) | Speed:  6482.29 KB/s | MaxLat: 160180523.49 us | AvgLat: 160180523.49 us
[sudo] password for zalanvdsz: 
PayloadSize,Throughput_KBps,MaxLatency_us,AvgLatency_us,SectorsWritten
[linux_driver] Closed /dev/loop0
[linux_driver] RAW open /dev/loop0 (fd=3, sectors=8388608)
[STORAGE] init: 0
507,6118.35,515.57,80.90,1
Chunks:    1 (   507 B) | Speed:  6118.35 KB/s | MaxLat:   515.57 us | AvgLat:    80.90 us
[linux_driver] Closed /dev/loop0
[linux_driver] RAW open /dev/loop0 (fd=3, sectors=8388608)
[STORAGE] init: 0
1014,9194.21,219.60,107.68,2
Chunks:    2 (  1014 B) | Speed:  9194.21 KB/s | MaxLat:   219.60 us | AvgLat:   107.68 us
[linux_driver] Closed /dev/loop0
[linux_driver] RAW open /dev/loop0 (fd=3, sectors=8388608)
[STORAGE] init: 0
2028,9136.67,735.73,216.74,4
Chunks:    4 (  2028 B) | Speed:  9136.67 KB/s | MaxLat:   735.73 us | AvgLat:   216.74 us
[linux_driver] Closed /dev/loop0
[linux_driver] RAW open /dev/loop0 (fd=3, sectors=8388608)
[STORAGE] init: 0
3042,7531.97,594.89,394.38,6
Chunks:    6 (  3042 B) | Speed:  7531.97 KB/s | MaxLat:   594.89 us | AvgLat:   394.38 us
[linux_driver] Closed /dev/loop0
[linux_driver] RAW open /dev/loop0 (fd=3, sectors=8388608)
[STORAGE] init: 0
4056,9214.38,639.18,429.84,8
Chunks:    8 (  4056 B) | Speed:  9214.38 KB/s | MaxLat:   639.18 us | AvgLat:   429.84 us
[linux_driver] Closed /dev/loop0
[linux_driver] RAW open /dev/loop0 (fd=3, sectors=8388608)
[STORAGE] init: 0
5070,8313.00,842.43,595.57,10
Chunks:   10 (  5070 B) | Speed:  8313.00 KB/s | MaxLat:   842.43 us | AvgLat:   595.57 us
[linux_driver] Closed /dev/loop0
[linux_driver] RAW open /dev/loop0 (fd=3, sectors=8388608)
[STORAGE] init: 0
6084,9082.30,962.03,654.15,12
Chunks:   12 (  6084 B) | Speed:  9082.30 KB/s | MaxLat:   962.03 us | AvgLat:   654.15 us
[linux_driver] Closed /dev/loop0
[linux_driver] RAW open /dev/loop0 (fd=3, sectors=8388608)
[STORAGE] init: 0
7098,9228.05,972.72,751.13,14
Chunks:   14 (  7098 B) | Speed:  9228.05 KB/s | MaxLat:   972.72 us | AvgLat:   751.13 us
[linux_driver] Closed /dev/loop0
[linux_driver] RAW open /dev/loop0 (fd=3, sectors=8388608)
[STORAGE] init: 0
8112,9217.72,1236.81,859.39,16
Chunks:   16 (  8112 B) | Speed:  9217.72 KB/s | MaxLat:  1236.81 us | AvgLat:   859.39 us
[linux_driver] Closed /dev/loop0
[linux_driver] RAW open /dev/loop0 (fd=3, sectors=8388608)
[STORAGE] init: 0
16224,9144.05,2644.80,1732.66,32
Chunks:   32 ( 16224 B) | Speed:  9144.05 KB/s | MaxLat:  2644.80 us | AvgLat:  1732.66 us
[linux_driver] Closed /dev/loop0
[linux_driver] RAW open /dev/loop0 (fd=3, sectors=8388608)
[STORAGE] init: 0
519168,8578.64,59100.19,59100.19,1024
Chunks: 1024 (519168 B) | Speed:  8578.64 KB/s | MaxLat: 59100.19 us | AvgLat: 59100.19 us
[linux_driver] Closed /dev/loop0
[linux_driver] RAW open /dev/loop0 (fd=3, sectors=8388608)
[STORAGE] init: 0
1038336,7672.07,132167.72,132167.72,2048
Chunks: 2048 (1038336 B) | Speed:  7672.07 KB/s | MaxLat: 132167.72 us | AvgLat: 132167.72 us
[linux_driver] Closed /dev/loop0
[linux_driver] RAW open /dev/loop0 (fd=3, sectors=8388608)
[STORAGE] init: 0
2076672,7530.34,269310.35,269310.35,4096
Chunks: 4096 (2076672 B) | Speed:  7530.34 KB/s | MaxLat: 269310.35 us | AvgLat: 269310.35 us
[linux_driver] Closed /dev/loop0
[linux_driver] RAW open /dev/loop0 (fd=3, sectors=8388608)
[STORAGE] init: 0
4153344,7288.52,556491.23,556491.23,8192
Chunks: 8192 (4153344 B) | Speed:  7288.52 KB/s | MaxLat: 556491.23 us | AvgLat: 556491.23 us
[linux_driver] Closed /dev/loop0
[linux_driver] RAW open /dev/loop0 (fd=3, sectors=8388608)
[STORAGE] init: 0
8306688,6230.70,1301940.46,1301940.46,16384
Chunks: 16384 (8306688 B) | Speed:  6230.70 KB/s | MaxLat: 1301940.46 us | AvgLat: 1301940.46 us
[linux_driver] Closed /dev/loop0
[linux_driver] RAW open /dev/loop0 (fd=3, sectors=8388608)
[STORAGE] init: 0
16613376,6266.02,2589201.90,2589201.90,32768
Chunks: 32768 (16613376 B) | Speed:  6266.02 KB/s | MaxLat: 2589201.90 us | AvgLat: 2589201.90 us
[linux_driver] Closed /dev/loop0
[linux_driver] RAW open /dev/loop0 (fd=3, sectors=8388608)
[STORAGE] init: 0
33226752,6470.22,5014974.94,5014974.94,65536
Chunks: 65536 (33226752 B) | Speed:  6470.22 KB/s | MaxLat: 5014974.94 us | AvgLat: 5014974.94 us
[linux_driver] Closed /dev/loop0
[linux_driver] RAW open /dev/loop0 (fd=3, sectors=8388608)
[STORAGE] init: 0
66453504,6493.63,9993794.78,9993794.78,131072
Chunks: 131072 (66453504 B) | Speed:  6493.63 KB/s | MaxLat: 9993794.78 us | AvgLat: 9993794.78 us
[linux_driver] Closed /dev/loop0
[linux_driver] RAW open /dev/loop0 (fd=3, sectors=8388608)
[STORAGE] init: 0
132907008,6684.70,19416291.75,19416291.75,262144
Chunks: 262144 (132907008 B) | Speed:  6684.70 KB/s | MaxLat: 19416291.75 us | AvgLat: 19416291.75 us
[linux_driver] Closed /dev/loop0
[linux_driver] RAW open /dev/loop0 (fd=3, sectors=8388608)
[STORAGE] init: 0
265814016,6907.71,37578852.60,37578852.60,524288
Chunks: 524288 (265814016 B) | Speed:  6907.71 KB/s | MaxLat: 37578852.60 us | AvgLat: 37578852.60 us
[linux_driver] Closed /dev/loop0
[linux_driver] RAW open /dev/loop0 (fd=3, sectors=8388608)
[STORAGE] init: 0
531628032,6938.41,74825201.06,74825201.06,1048576
Chunks: 1048576 (531628032 B) | Speed:  6938.41 KB/s | MaxLat: 74825201.06 us | AvgLat: 74825201.06 us
[linux_driver] Closed /dev/loop0
[linux_driver] RAW open /dev/loop0 (fd=3, sectors=8388608)
[STORAGE] init: 0
1063256064,5885.89,176411180.23,176411180.23,2097152
Chunks: 2097152 (1063256064 B) | Speed:  5885.89 KB/s | MaxLat: 176411180.23 us | AvgLat: 176411180.23 us
[sudo] password for zalanvdsz: 
PayloadSize,Throughput_KBps,MaxLatency_us,AvgLatency_us,SectorsWritten
[linux_driver] Closed /dev/loop0
[linux_driver] RAW open /dev/loop0 (fd=3, sectors=8388608)
[STORAGE] init: 0
507,5734.31,1179.91,86.32,1
Chunks:    1 (   507 B) | Speed:  5734.31 KB/s | MaxLat:  1179.91 us | AvgLat:    86.32 us
[linux_driver] Closed /dev/loop0
[linux_driver] RAW open /dev/loop0 (fd=3, sectors=8388608)
[STORAGE] init: 0
1014,9156.42,180.62,108.13,2
Chunks:    2 (  1014 B) | Speed:  9156.42 KB/s | MaxLat:   180.62 us | AvgLat:   108.13 us
[linux_driver] Closed /dev/loop0
[linux_driver] RAW open /dev/loop0 (fd=3, sectors=8388608)
[STORAGE] init: 0
2028,9043.95,534.89,218.96,4
Chunks:    4 (  2028 B) | Speed:  9043.95 KB/s | MaxLat:   534.89 us | AvgLat:   218.96 us
[linux_driver] Closed /dev/loop0
[linux_driver] RAW open /dev/loop0 (fd=3, sectors=8388608)
[STORAGE] init: 0
3042,8521.60,559.38,348.59,6
Chunks:    6 (  3042 B) | Speed:  8521.60 KB/s | MaxLat:   559.38 us | AvgLat:   348.59 us
[linux_driver] Closed /dev/loop0
[linux_driver] RAW open /dev/loop0 (fd=3, sectors=8388608)
[STORAGE] init: 0
4056,8036.33,650.39,492.85,8
Chunks:    8 (  4056 B) | Speed:  8036.33 KB/s | MaxLat:   650.39 us | AvgLat:   492.85 us
[linux_driver] Closed /dev/loop0
[linux_driver] RAW open /dev/loop0 (fd=3, sectors=8388608)
[STORAGE] init: 0
5070,9126.11,1614.35,542.51,10
Chunks:   10 (  5070 B) | Speed:  9126.11 KB/s | MaxLat:  1614.35 us | AvgLat:   542.51 us
[linux_driver] Closed /dev/loop0
[linux_driver] RAW open /dev/loop0 (fd=3, sectors=8388608)
[STORAGE] init: 0
6084,9019.19,1035.03,658.72,12
Chunks:   12 (  6084 B) | Speed:  9019.19 KB/s | MaxLat:  1035.03 us | AvgLat:   658.72 us
[linux_driver] Closed /dev/loop0
[linux_driver] RAW open /dev/loop0 (fd=3, sectors=8388608)
[STORAGE] init: 0
7098,9159.91,1201.76,756.71,14
Chunks:   14 (  7098 B) | Speed:  9159.91 KB/s | MaxLat:  1201.76 us | AvgLat:   756.71 us
[linux_driver] Closed /dev/loop0
[linux_driver] RAW open /dev/loop0 (fd=3, sectors=8388608)
[STORAGE] init: 0
8112,9269.21,1134.93,854.62,16
Chunks:   16 (  8112 B) | Speed:  9269.21 KB/s | MaxLat:  1134.93 us | AvgLat:   854.62 us
[linux_driver] Closed /dev/loop0
[linux_driver] RAW open /dev/loop0 (fd=3, sectors=8388608)
[STORAGE] init: 0
16224,9226.10,2105.27,1717.25,32
Chunks:   32 ( 16224 B) | Speed:  9226.10 KB/s | MaxLat:  2105.27 us | AvgLat:  1717.25 us
[linux_driver] Closed /dev/loop0
[linux_driver] RAW open /dev/loop0 (fd=3, sectors=8388608)
[STORAGE] init: 0
519168,9056.72,55980.44,55980.44,1024
Chunks: 1024 (519168 B) | Speed:  9056.72 KB/s | MaxLat: 55980.44 us | AvgLat: 55980.44 us
[linux_driver] Closed /dev/loop0
[linux_driver] RAW open /dev/loop0 (fd=3, sectors=8388608)
[STORAGE] init: 0
1038336,7707.77,131555.58,131555.58,2048
Chunks: 2048 (1038336 B) | Speed:  7707.77 KB/s | MaxLat: 131555.58 us | AvgLat: 131555.58 us
[linux_driver] Closed /dev/loop0
[linux_driver] RAW open /dev/loop0 (fd=3, sectors=8388608)
[STORAGE] init: 0
2076672,7615.25,266307.59,266307.59,4096
Chunks: 4096 (2076672 B) | Speed:  7615.25 KB/s | MaxLat: 266307.59 us | AvgLat: 266307.59 us
[linux_driver] Closed /dev/loop0
[linux_driver] RAW open /dev/loop0 (fd=3, sectors=8388608)
[STORAGE] init: 0
4153344,7653.22,529972.69,529972.69,8192
Chunks: 8192 (4153344 B) | Speed:  7653.22 KB/s | MaxLat: 529972.69 us | AvgLat: 529972.69 us
[linux_driver] Closed /dev/loop0
[linux_driver] RAW open /dev/loop0 (fd=3, sectors=8388608)
[STORAGE] init: 0
8306688,7202.01,1126351.50,1126351.50,16384
Chunks: 16384 (8306688 B) | Speed:  7202.01 KB/s | MaxLat: 1126351.50 us | AvgLat: 1126351.50 us
[linux_driver] Closed /dev/loop0
[linux_driver] RAW open /dev/loop0 (fd=3, sectors=8388608)
[STORAGE] init: 0
16613376,7145.56,2270501.86,2270501.86,32768
Chunks: 32768 (16613376 B) | Speed:  7145.56 KB/s | MaxLat: 2270501.86 us | AvgLat: 2270501.86 us
[linux_driver] Closed /dev/loop0
[linux_driver] RAW open /dev/loop0 (fd=3, sectors=8388608)
[STORAGE] init: 0
33226752,7090.00,4576587.90,4576587.90,65536
Chunks: 65536 (33226752 B) | Speed:  7090.00 KB/s | MaxLat: 4576587.90 us | AvgLat: 4576587.90 us
[linux_driver] Closed /dev/loop0
[linux_driver] RAW open /dev/loop0 (fd=3, sectors=8388608)
[STORAGE] init: 0
66453504,7112.29,9124492.09,9124492.09,131072
Chunks: 131072 (66453504 B) | Speed:  7112.29 KB/s | MaxLat: 9124492.09 us | AvgLat: 9124492.09 us
[linux_driver] Closed /dev/loop0
[linux_driver] RAW open /dev/loop0 (fd=3, sectors=8388608)
[STORAGE] init: 0
132907008,7120.84,18227075.70,18227075.70,262144
Chunks: 262144 (132907008 B) | Speed:  7120.84 KB/s | MaxLat: 18227075.70 us | AvgLat: 18227075.70 us
[linux_driver] Closed /dev/loop0
[linux_driver] RAW open /dev/loop0 (fd=3, sectors=8388608)
[STORAGE] init: 0
265814016,6895.55,37645139.62,37645139.62,524288
Chunks: 524288 (265814016 B) | Speed:  6895.55 KB/s | MaxLat: 37645139.62 us | AvgLat: 37645139.62 us
[linux_driver] Closed /dev/loop0
[linux_driver] RAW open /dev/loop0 (fd=3, sectors=8388608)
[STORAGE] init: 0
531628032,7075.07,73379940.72,73379940.72,1048576
Chunks: 1048576 (531628032 B) | Speed:  7075.07 KB/s | MaxLat: 73379940.72 us | AvgLat: 73379940.72 us
[linux_driver] Closed /dev/loop0
[linux_driver] RAW open /dev/loop0 (fd=3, sectors=8388608)
[STORAGE] init: 0
1063256064,5891.23,176251071.92,176251071.92,2097152
Chunks: 2097152 (1063256064 B) | Speed:  5891.23 KB/s | MaxLat: 176251071.92 us | AvgLat: 176251071.92 us
[sudo] password for zalanvdsz: 
PayloadSize,Throughput_KBps,MaxLatency_us,AvgLatency_us,SectorsWritten
[linux_driver] Closed /dev/loop0
[linux_driver] RAW open /dev/loop0 (fd=3, sectors=8388608)
[STORAGE] init: 0
507,440.97,40003.57,1122.77,1
Chunks:    1 (   507 B) | Speed:   440.97 KB/s | MaxLat: 40003.57 us | AvgLat:  1122.77 us
[linux_driver] Closed /dev/loop0
[linux_driver] RAW open /dev/loop0 (fd=3, sectors=8388608)
[STORAGE] init: 0
1014,9137.13,231.99,108.35,2
Chunks:    2 (  1014 B) | Speed:  9137.13 KB/s | MaxLat:   231.99 us | AvgLat:   108.35 us
[linux_driver] Closed /dev/loop0
[linux_driver] RAW open /dev/loop0 (fd=3, sectors=8388608)
[STORAGE] init: 0
2028,8819.51,546.09,224.53,4
Chunks:    4 (  2028 B) | Speed:  8819.51 KB/s | MaxLat:   546.09 us | AvgLat:   224.53 us
[linux_driver] Closed /dev/loop0
[linux_driver] RAW open /dev/loop0 (fd=3, sectors=8388608)
[STORAGE] init: 0
3042,9115.29,500.38,325.88,6
Chunks:    6 (  3042 B) | Speed:  9115.29 KB/s | MaxLat:   500.38 us | AvgLat:   325.88 us
[linux_driver] Closed /dev/loop0
[linux_driver] RAW open /dev/loop0 (fd=3, sectors=8388608)
[STORAGE] init: 0
4056,8925.64,891.76,443.75,8
Chunks:    8 (  4056 B) | Speed:  8925.64 KB/s | MaxLat:   891.76 us | AvgLat:   443.75 us
[linux_driver] Closed /dev/loop0
[linux_driver] RAW open /dev/loop0 (fd=3, sectors=8388608)
[STORAGE] init: 0
5070,9047.73,767.91,547.20,10
Chunks:   10 (  5070 B) | Speed:  9047.73 KB/s | MaxLat:   767.91 us | AvgLat:   547.20 us
[linux_driver] Closed /dev/loop0
[linux_driver] RAW open /dev/loop0 (fd=3, sectors=8388608)
[STORAGE] init: 0
6084,8682.30,1257.66,684.29,12
Chunks:   12 (  6084 B) | Speed:  8682.30 KB/s | MaxLat:  1257.66 us | AvgLat:   684.29 us
[linux_driver] Closed /dev/loop0
[linux_driver] RAW open /dev/loop0 (fd=3, sectors=8388608)
[STORAGE] init: 0
7098,9091.08,1416.91,762.44,14
Chunks:   14 (  7098 B) | Speed:  9091.08 KB/s | MaxLat:  1416.91 us | AvgLat:   762.44 us
[linux_driver] Closed /dev/loop0
[linux_driver] RAW open /dev/loop0 (fd=3, sectors=8388608)
[STORAGE] init: 0
8112,8439.75,1143.25,938.61,16
Chunks:   16 (  8112 B) | Speed:  8439.75 KB/s | MaxLat:  1143.25 us | AvgLat:   938.61 us
[linux_driver] Closed /dev/loop0
[linux_driver] RAW open /dev/loop0 (fd=3, sectors=8388608)
[STORAGE] init: 0
16224,9066.84,2319.57,1747.41,32
Chunks:   32 ( 16224 B) | Speed:  9066.84 KB/s | MaxLat:  2319.57 us | AvgLat:  1747.41 us
[linux_driver] Closed /dev/loop0
[linux_driver] RAW open /dev/loop0 (fd=3, sectors=8388608)
[STORAGE] init: 0
519168,8642.33,58664.71,58664.71,1024
Chunks: 1024 (519168 B) | Speed:  8642.33 KB/s | MaxLat: 58664.71 us | AvgLat: 58664.71 us
[linux_driver] Closed /dev/loop0
[linux_driver] RAW open /dev/loop0 (fd=3, sectors=8388608)
[STORAGE] init: 0
1038336,7660.18,132372.74,132372.74,2048
Chunks: 2048 (1038336 B) | Speed:  7660.18 KB/s | MaxLat: 132372.74 us | AvgLat: 132372.74 us
[linux_driver] Closed /dev/loop0
[linux_driver] RAW open /dev/loop0 (fd=3, sectors=8388608)
[STORAGE] init: 0
2076672,7604.65,266679.02,266679.02,4096
Chunks: 4096 (2076672 B) | Speed:  7604.65 KB/s | MaxLat: 266679.02 us | AvgLat: 266679.02 us
[linux_driver] Closed /dev/loop0
[linux_driver] RAW open /dev/loop0 (fd=3, sectors=8388608)
[STORAGE] init: 0
4153344,7622.20,532129.90,532129.90,8192
Chunks: 8192 (4153344 B) | Speed:  7622.20 KB/s | MaxLat: 532129.90 us | AvgLat: 532129.90 us
[linux_driver] Closed /dev/loop0
[linux_driver] RAW open /dev/loop0 (fd=3, sectors=8388608)
[STORAGE] init: 0
8306688,7238.79,1120628.48,1120628.48,16384
Chunks: 16384 (8306688 B) | Speed:  7238.79 KB/s | MaxLat: 1120628.48 us | AvgLat: 1120628.48 us
[linux_driver] Closed /dev/loop0
[linux_driver] RAW open /dev/loop0 (fd=3, sectors=8388608)
[STORAGE] init: 0
16613376,6859.45,2365205.14,2365205.14,32768
Chunks: 32768 (16613376 B) | Speed:  6859.45 KB/s | MaxLat: 2365205.14 us | AvgLat: 2365205.14 us
[linux_driver] Closed /dev/loop0
[linux_driver] RAW open /dev/loop0 (fd=3, sectors=8388608)
[STORAGE] init: 0
33226752,6479.42,5007858.45,5007858.45,65536
Chunks: 65536 (33226752 B) | Speed:  6479.42 KB/s | MaxLat: 5007858.45 us | AvgLat: 5007858.45 us
[linux_driver] Closed /dev/loop0
[linux_driver] RAW open /dev/loop0 (fd=3, sectors=8388608)
[STORAGE] init: 0
66453504,6664.95,9736907.12,9736907.12,131072
Chunks: 131072 (66453504 B) | Speed:  6664.95 KB/s | MaxLat: 9736907.12 us | AvgLat: 9736907.12 us
[linux_driver] Closed /dev/loop0
[linux_driver] RAW open /dev/loop0 (fd=3, sectors=8388608)
[STORAGE] init: 0
132907008,7061.80,18379446.25,18379446.25,262144
Chunks: 262144 (132907008 B) | Speed:  7061.80 KB/s | MaxLat: 18379446.25 us | AvgLat: 18379446.25 us
[linux_driver] Closed /dev/loop0
[linux_driver] RAW open /dev/loop0 (fd=3, sectors=8388608)
[STORAGE] init: 0
265814016,6936.82,37421193.24,37421193.24,524288
Chunks: 524288 (265814016 B) | Speed:  6936.82 KB/s | MaxLat: 37421193.24 us | AvgLat: 37421193.24 us
[linux_driver] Closed /dev/loop0
[linux_driver] RAW open /dev/loop0 (fd=3, sectors=8388608)
[STORAGE] init: 0
531628032,7074.18,73389180.73,73389180.73,1048576
Chunks: 1048576 (531628032 B) | Speed:  7074.18 KB/s | MaxLat: 73389180.73 us | AvgLat: 73389180.73 us
[linux_driver] Closed /dev/loop0
[linux_driver] RAW open /dev/loop0 (fd=3, sectors=8388608)
[STORAGE] init: 0
1063256064,5947.69,174577982.57,174577982.57,2097152
Chunks: 2097152 (1063256064 B) | Speed:  5947.69 KB/s | MaxLat: 174577982.57 us | AvgLat: 174577982.57 us
[sudo] password for zalanvdsz: 
PayloadSize,Throughput_KBps,MaxLatency_us,AvgLatency_us,SectorsWritten
[linux_driver] Closed /dev/loop0
[linux_driver] RAW open /dev/loop0 (fd=3, sectors=8388608)
[STORAGE] init: 0
507,6107.36,399.29,81.05,1
Chunks:    1 (   507 B) | Speed:  6107.36 KB/s | MaxLat:   399.29 us | AvgLat:    81.05 us
[linux_driver] Closed /dev/loop0
[linux_driver] RAW open /dev/loop0 (fd=3, sectors=8388608)
[STORAGE] init: 0
1014,9060.77,270.11,109.26,2
Chunks:    2 (  1014 B) | Speed:  9060.77 KB/s | MaxLat:   270.11 us | AvgLat:   109.26 us
[linux_driver] Closed /dev/loop0
[linux_driver] RAW open /dev/loop0 (fd=3, sectors=8388608)
[STORAGE] init: 0
2028,8114.01,561.21,244.05,4
Chunks:    4 (  2028 B) | Speed:  8114.01 KB/s | MaxLat:   561.21 us | AvgLat:   244.05 us
[linux_driver] Closed /dev/loop0
[linux_driver] RAW open /dev/loop0 (fd=3, sectors=8388608)
[STORAGE] init: 0
3042,9212.61,465.65,322.44,6
Chunks:    6 (  3042 B) | Speed:  9212.61 KB/s | MaxLat:   465.65 us | AvgLat:   322.44 us
[linux_driver] Closed /dev/loop0
[linux_driver] RAW open /dev/loop0 (fd=3, sectors=8388608)
[STORAGE] init: 0
4056,9006.53,591.50,439.75,8
Chunks:    8 (  4056 B) | Speed:  9006.53 KB/s | MaxLat:   591.50 us | AvgLat:   439.75 us
[linux_driver] Closed /dev/loop0
[linux_driver] RAW open /dev/loop0 (fd=3, sectors=8388608)
[STORAGE] init: 0
5070,9276.72,726.23,533.70,10
Chunks:   10 (  5070 B) | Speed:  9276.72 KB/s | MaxLat:   726.23 us | AvgLat:   533.70 us
[linux_driver] Closed /dev/loop0
[linux_driver] RAW open /dev/loop0 (fd=3, sectors=8388608)
[STORAGE] init: 0
6084,8959.86,1358.09,663.09,12
Chunks:   12 (  6084 B) | Speed:  8959.86 KB/s | MaxLat:  1358.09 us | AvgLat:   663.09 us
[linux_driver] Closed /dev/loop0
[linux_driver] RAW open /dev/loop0 (fd=3, sectors=8388608)
[STORAGE] init: 0
7098,9057.50,1205.19,765.27,14
Chunks:   14 (  7098 B) | Speed:  9057.50 KB/s | MaxLat:  1205.19 us | AvgLat:   765.27 us
[linux_driver] Closed /dev/loop0
[linux_driver] RAW open /dev/loop0 (fd=3, sectors=8388608)
[STORAGE] init: 0
8112,9196.65,1204.41,861.36,16
Chunks:   16 (  8112 B) | Speed:  9196.65 KB/s | MaxLat:  1204.41 us | AvgLat:   861.36 us
[linux_driver] Closed /dev/loop0
[linux_driver] RAW open /dev/loop0 (fd=3, sectors=8388608)
[STORAGE] init: 0
16224,8931.12,2300.38,1773.96,32
Chunks:   32 ( 16224 B) | Speed:  8931.12 KB/s | MaxLat:  2300.38 us | AvgLat:  1773.96 us
[linux_driver] Closed /dev/loop0
[linux_driver] RAW open /dev/loop0 (fd=3, sectors=8388608)
[STORAGE] init: 0
519168,8739.72,58010.93,58010.93,1024
Chunks: 1024 (519168 B) | Speed:  8739.72 KB/s | MaxLat: 58010.93 us | AvgLat: 58010.93 us
[linux_driver] Closed /dev/loop0
[linux_driver] RAW open /dev/loop0 (fd=3, sectors=8388608)
[STORAGE] init: 0
1038336,7733.59,131116.27,131116.27,2048
Chunks: 2048 (1038336 B) | Speed:  7733.59 KB/s | MaxLat: 131116.27 us | AvgLat: 131116.27 us
[linux_driver] Closed /dev/loop0
[linux_driver] RAW open /dev/loop0 (fd=3, sectors=8388608)
[STORAGE] init: 0
2076672,7721.48,262643.81,262643.81,4096
Chunks: 4096 (2076672 B) | Speed:  7721.48 KB/s | MaxLat: 262643.81 us | AvgLat: 262643.81 us
[linux_driver] Closed /dev/loop0
[linux_driver] RAW open /dev/loop0 (fd=3, sectors=8388608)
[STORAGE] init: 0
4153344,7674.48,528504.81,528504.81,8192
Chunks: 8192 (4153344 B) | Speed:  7674.48 KB/s | MaxLat: 528504.81 us | AvgLat: 528504.81 us
[linux_driver] Closed /dev/loop0
[linux_driver] RAW open /dev/loop0 (fd=3, sectors=8388608)
[STORAGE] init: 0
8306688,7218.77,1123737.42,1123737.42,16384
Chunks: 16384 (8306688 B) | Speed:  7218.77 KB/s | MaxLat: 1123737.42 us | AvgLat: 1123737.42 us
[linux_driver] Closed /dev/loop0
[linux_driver] RAW open /dev/loop0 (fd=3, sectors=8388608)
[STORAGE] init: 0
16613376,6828.79,2375823.14,2375823.14,32768
Chunks: 32768 (16613376 B) | Speed:  6828.79 KB/s | MaxLat: 2375823.14 us | AvgLat: 2375823.14 us
[linux_driver] Closed /dev/loop0
[linux_driver] RAW open /dev/loop0 (fd=3, sectors=8388608)
[STORAGE] init: 0
33226752,7046.29,4604974.75,4604974.75,65536
Chunks: 65536 (33226752 B) | Speed:  7046.29 KB/s | MaxLat: 4604974.75 us | AvgLat: 4604974.75 us
[linux_driver] Closed /dev/loop0
[linux_driver] RAW open /dev/loop0 (fd=3, sectors=8388608)
[STORAGE] init: 0
66453504,7078.56,9167964.57,9167964.57,131072
Chunks: 131072 (66453504 B) | Speed:  7078.56 KB/s | MaxLat: 9167964.57 us | AvgLat: 9167964.57 us
[linux_driver] Closed /dev/loop0
[linux_driver] RAW open /dev/loop0 (fd=3, sectors=8388608)
[STORAGE] init: 0
132907008,7162.98,18119842.69,18119842.69,262144
Chunks: 262144 (132907008 B) | Speed:  7162.98 KB/s | MaxLat: 18119842.69 us | AvgLat: 18119842.69 us
[linux_driver] Closed /dev/loop0
[linux_driver] RAW open /dev/loop0 (fd=3, sectors=8388608)
[STORAGE] init: 0
265814016,6964.23,37273912.66,37273912.66,524288
Chunks: 524288 (265814016 B) | Speed:  6964.23 KB/s | MaxLat: 37273912.66 us | AvgLat: 37273912.66 us
[linux_driver] Closed /dev/loop0
[linux_driver] RAW open /dev/loop0 (fd=3, sectors=8388608)
[STORAGE] init: 0
531628032,7066.58,73468079.18,73468079.18,1048576
Chunks: 1048576 (531628032 B) | Speed:  7066.58 KB/s | MaxLat: 73468079.18 us | AvgLat: 73468079.18 us
[linux_driver] Closed /dev/loop0
[linux_driver] RAW open /dev/loop0 (fd=3, sectors=8388608)
[STORAGE] init: 0
1063256064,5874.15,176763525.07,176763525.07,2097152
Chunks: 2097152 (1063256064 B) | Speed:  5874.15 KB/s | MaxLat: 176763525.07 us | AvgLat: 176763525.07 us
[sudo] password for zalanvdsz: 
PayloadSize,Throughput_KBps,MaxLatency_us,AvgLatency_us,SectorsWritten
[linux_driver] Closed /dev/loop0
[linux_driver] RAW open /dev/loop0 (fd=3, sectors=8388608)
[STORAGE] init: 0
507,6109.27,300.35,81.02,1
Chunks:    1 (   507 B) | Speed:  6109.27 KB/s | MaxLat:   300.35 us | AvgLat:    81.02 us
[linux_driver] Closed /dev/loop0
[linux_driver] RAW open /dev/loop0 (fd=3, sectors=8388608)
[STORAGE] init: 0
1014,8285.68,522.69,119.49,2
Chunks:    2 (  1014 B) | Speed:  8285.68 KB/s | MaxLat:   522.69 us | AvgLat:   119.49 us
[linux_driver] Closed /dev/loop0
[linux_driver] RAW open /dev/loop0 (fd=3, sectors=8388608)
[STORAGE] init: 0
2028,8454.74,695.84,234.22,4
Chunks:    4 (  2028 B) | Speed:  8454.74 KB/s | MaxLat:   695.84 us | AvgLat:   234.22 us
[linux_driver] Closed /dev/loop0
[linux_driver] RAW open /dev/loop0 (fd=3, sectors=8388608)
[STORAGE] init: 0
3042,8918.68,545.26,333.06,6
Chunks:    6 (  3042 B) | Speed:  8918.68 KB/s | MaxLat:   545.26 us | AvgLat:   333.06 us
[linux_driver] Closed /dev/loop0
[linux_driver] RAW open /dev/loop0 (fd=3, sectors=8388608)
[STORAGE] init: 0
4056,8676.71,696.78,456.48,8
Chunks:    8 (  4056 B) | Speed:  8676.71 KB/s | MaxLat:   696.78 us | AvgLat:   456.48 us
[linux_driver] Closed /dev/loop0
[linux_driver] RAW open /dev/loop0 (fd=3, sectors=8388608)
[STORAGE] init: 0
5070,9258.82,798.46,534.73,10
Chunks:   10 (  5070 B) | Speed:  9258.82 KB/s | MaxLat:   798.46 us | AvgLat:   534.73 us
[linux_driver] Closed /dev/loop0
[linux_driver] RAW open /dev/loop0 (fd=3, sectors=8388608)
[STORAGE] init: 0
6084,9077.20,1040.06,654.51,12
Chunks:   12 (  6084 B) | Speed:  9077.20 KB/s | MaxLat:  1040.06 us | AvgLat:   654.51 us
[linux_driver] Closed /dev/loop0
[linux_driver] RAW open /dev/loop0 (fd=3, sectors=8388608)
[STORAGE] init: 0
7098,9134.07,1022.09,758.85,14
Chunks:   14 (  7098 B) | Speed:  9134.07 KB/s | MaxLat:  1022.09 us | AvgLat:   758.85 us
[linux_driver] Closed /dev/loop0
[linux_driver] RAW open /dev/loop0 (fd=3, sectors=8388608)
[STORAGE] init: 0
8112,9234.77,1029.51,857.81,16
Chunks:   16 (  8112 B) | Speed:  9234.77 KB/s | MaxLat:  1029.51 us | AvgLat:   857.81 us
[linux_driver] Closed /dev/loop0
[linux_driver] RAW open /dev/loop0 (fd=3, sectors=8388608)
[STORAGE] init: 0
16224,8961.72,2276.95,1767.91,32
Chunks:   32 ( 16224 B) | Speed:  8961.72 KB/s | MaxLat:  2276.95 us | AvgLat:  1767.91 us
[linux_driver] Closed /dev/loop0
[linux_driver] RAW open /dev/loop0 (fd=3, sectors=8388608)
[STORAGE] init: 0
519168,9285.09,54603.60,54603.60,1024
Chunks: 1024 (519168 B) | Speed:  9285.09 KB/s | MaxLat: 54603.60 us | AvgLat: 54603.60 us
[linux_driver] Closed /dev/loop0
[linux_driver] RAW open /dev/loop0 (fd=3, sectors=8388608)
[STORAGE] init: 0
1038336,7384.32,137317.95,137317.95,2048
Chunks: 2048 (1038336 B) | Speed:  7384.32 KB/s | MaxLat: 137317.95 us | AvgLat: 137317.95 us
[linux_driver] Closed /dev/loop0
[linux_driver] RAW open /dev/loop0 (fd=3, sectors=8388608)
[STORAGE] init: 0
2076672,7748.25,261736.35,261736.35,4096
Chunks: 4096 (2076672 B) | Speed:  7748.25 KB/s | MaxLat: 261736.35 us | AvgLat: 261736.35 us
[linux_driver] Closed /dev/loop0
[linux_driver] RAW open /dev/loop0 (fd=3, sectors=8388608)
[STORAGE] init: 0
4153344,7433.02,545673.18,545673.18,8192
Chunks: 8192 (4153344 B) | Speed:  7433.02 KB/s | MaxLat: 545673.18 us | AvgLat: 545673.18 us
[linux_driver] Closed /dev/loop0
[linux_driver] RAW open /dev/loop0 (fd=3, sectors=8388608)
[STORAGE] init: 0
8306688,6881.94,1178736.57,1178736.57,16384
Chunks: 16384 (8306688 B) | Speed:  6881.94 KB/s | MaxLat: 1178736.57 us | AvgLat: 1178736.57 us
[linux_driver] Closed /dev/loop0
[linux_driver] RAW open /dev/loop0 (fd=3, sectors=8388608)
[STORAGE] init: 0
16613376,6877.45,2359015.23,2359015.23,32768
Chunks: 32768 (16613376 B) | Speed:  6877.45 KB/s | MaxLat: 2359015.23 us | AvgLat: 2359015.23 us
[linux_driver] Closed /dev/loop0
[linux_driver] RAW open /dev/loop0 (fd=3, sectors=8388608)
[STORAGE] init: 0
33226752,7006.48,4631142.61,4631142.61,65536
Chunks: 65536 (33226752 B) | Speed:  7006.48 KB/s | MaxLat: 4631142.61 us | AvgLat: 4631142.61 us
[linux_driver] Closed /dev/loop0
[linux_driver] RAW open /dev/loop0 (fd=3, sectors=8388608)
[STORAGE] init: 0
66453504,7022.31,9241397.16,9241397.16,131072
Chunks: 131072 (66453504 B) | Speed:  7022.31 KB/s | MaxLat: 9241397.16 us | AvgLat: 9241397.16 us
[linux_driver] Closed /dev/loop0
[linux_driver] RAW open /dev/loop0 (fd=3, sectors=8388608)
[STORAGE] init: 0
132907008,7194.42,18040657.95,18040657.95,262144
Chunks: 262144 (132907008 B) | Speed:  7194.42 KB/s | MaxLat: 18040657.95 us | AvgLat: 18040657.95 us
[linux_driver] Closed /dev/loop0
[linux_driver] RAW open /dev/loop0 (fd=3, sectors=8388608)
[STORAGE] init: 0
265814016,6959.45,37299491.85,37299491.85,524288
Chunks: 524288 (265814016 B) | Speed:  6959.45 KB/s | MaxLat: 37299491.85 us | AvgLat: 37299491.85 us
[linux_driver] Closed /dev/loop0
[linux_driver] RAW open /dev/loop0 (fd=3, sectors=8388608)
[STORAGE] init: 0
531628032,6966.98,74518364.44,74518364.44,1048576
Chunks: 1048576 (531628032 B) | Speed:  6966.98 KB/s | MaxLat: 74518364.44 us | AvgLat: 74518364.44 us
[linux_driver] Closed /dev/loop0
[linux_driver] RAW open /dev/loop0 (fd=3, sectors=8388608)
[STORAGE] init: 0
1063256064,5893.97,176169301.81,176169301.81,2097152
Chunks: 2097152 (1063256064 B) | Speed:  5893.97 KB/s | MaxLat: 176169301.81 us | AvgLat: 176169301.81 us
[sudo] password for zalanvdsz: 
PayloadSize,Throughput_KBps,MaxLatency_us,AvgLatency_us,SectorsWritten
[linux_driver] Closed /dev/loop0
[linux_driver] RAW open /dev/loop0 (fd=3, sectors=8388608)
[STORAGE] init: 0
507,6323.90,277.77,78.27,1
Chunks:    1 (   507 B) | Speed:  6323.90 KB/s | MaxLat:   277.77 us | AvgLat:    78.27 us
[linux_driver] Closed /dev/loop0
[linux_driver] RAW open /dev/loop0 (fd=3, sectors=8388608)
[STORAGE] init: 0
1014,8427.53,232.13,117.47,2
Chunks:    2 (  1014 B) | Speed:  8427.53 KB/s | MaxLat:   232.13 us | AvgLat:   117.47 us
[linux_driver] Closed /dev/loop0
[linux_driver] RAW open /dev/loop0 (fd=3, sectors=8388608)
[STORAGE] init: 0
2028,9006.58,609.29,219.87,4
Chunks:    4 (  2028 B) | Speed:  9006.58 KB/s | MaxLat:   609.29 us | AvgLat:   219.87 us
[linux_driver] Closed /dev/loop0
[linux_driver] RAW open /dev/loop0 (fd=3, sectors=8388608)
[STORAGE] init: 0
3042,9050.52,557.93,328.21,6
Chunks:    6 (  3042 B) | Speed:  9050.52 KB/s | MaxLat:   557.93 us | AvgLat:   328.21 us
[linux_driver] Closed /dev/loop0
[linux_driver] RAW open /dev/loop0 (fd=3, sectors=8388608)
[STORAGE] init: 0
4056,8530.66,599.41,464.29,8
Chunks:    8 (  4056 B) | Speed:  8530.66 KB/s | MaxLat:   599.41 us | AvgLat:   464.29 us
[linux_driver] Closed /dev/loop0
[linux_driver] RAW open /dev/loop0 (fd=3, sectors=8388608)
[STORAGE] init: 0
5070,8332.12,935.73,594.20,10
Chunks:   10 (  5070 B) | Speed:  8332.12 KB/s | MaxLat:   935.73 us | AvgLat:   594.20 us
[linux_driver] Closed /dev/loop0
[linux_driver] RAW open /dev/loop0 (fd=3, sectors=8388608)
[STORAGE] init: 0
6084,8716.25,1034.22,681.62,12
Chunks:   12 (  6084 B) | Speed:  8716.25 KB/s | MaxLat:  1034.22 us | AvgLat:   681.62 us
[linux_driver] Closed /dev/loop0
[linux_driver] RAW open /dev/loop0 (fd=3, sectors=8388608)
[STORAGE] init: 0
7098,8992.63,1150.95,770.78,14
Chunks:   14 (  7098 B) | Speed:  8992.63 KB/s | MaxLat:  1150.95 us | AvgLat:   770.78 us
[linux_driver] Closed /dev/loop0
[linux_driver] RAW open /dev/loop0 (fd=3, sectors=8388608)
[STORAGE] init: 0
8112,9259.33,1113.15,855.53,16
Chunks:   16 (  8112 B) | Speed:  9259.33 KB/s | MaxLat:  1113.15 us | AvgLat:   855.53 us
[linux_driver] Closed /dev/loop0
[linux_driver] RAW open /dev/loop0 (fd=3, sectors=8388608)
[STORAGE] init: 0
16224,9303.62,2101.80,1702.94,32
Chunks:   32 ( 16224 B) | Speed:  9303.62 KB/s | MaxLat:  2101.80 us | AvgLat:  1702.94 us
[linux_driver] Closed /dev/loop0
[linux_driver] RAW open /dev/loop0 (fd=3, sectors=8388608)
[STORAGE] init: 0
519168,9120.96,55586.20,55586.20,1024
Chunks: 1024 (519168 B) | Speed:  9120.96 KB/s | MaxLat: 55586.20 us | AvgLat: 55586.20 us
[linux_driver] Closed /dev/loop0
[linux_driver] RAW open /dev/loop0 (fd=3, sectors=8388608)
[STORAGE] init: 0
1038336,7613.47,133184.89,133184.89,2048
Chunks: 2048 (1038336 B) | Speed:  7613.47 KB/s | MaxLat: 133184.89 us | AvgLat: 133184.89 us
[linux_driver] Closed /dev/loop0
[linux_driver] RAW open /dev/loop0 (fd=3, sectors=8388608)
[STORAGE] init: 0
2076672,7372.08,275091.92,275091.92,4096
Chunks: 4096 (2076672 B) | Speed:  7372.08 KB/s | MaxLat: 275091.92 us | AvgLat: 275091.92 us
[linux_driver] Closed /dev/loop0
[linux_driver] RAW open /dev/loop0 (fd=3, sectors=8388608)
[STORAGE] init: 0
4153344,7692.53,527264.54,527264.54,8192
Chunks: 8192 (4153344 B) | Speed:  7692.53 KB/s | MaxLat: 527264.54 us | AvgLat: 527264.54 us
[linux_driver] Closed /dev/loop0
[linux_driver] RAW open /dev/loop0 (fd=3, sectors=8388608)
[STORAGE] init: 0
8306688,7056.08,1149646.76,1149646.76,16384
Chunks: 16384 (8306688 B) | Speed:  7056.08 KB/s | MaxLat: 1149646.76 us | AvgLat: 1149646.76 us
[linux_driver] Closed /dev/loop0
[linux_driver] RAW open /dev/loop0 (fd=3, sectors=8388608)
[STORAGE] init: 0
16613376,6579.25,2465932.63,2465932.63,32768
Chunks: 32768 (16613376 B) | Speed:  6579.25 KB/s | MaxLat: 2465932.63 us | AvgLat: 2465932.63 us
[linux_driver] Closed /dev/loop0
[linux_driver] RAW open /dev/loop0 (fd=3, sectors=8388608)
[STORAGE] init: 0
33226752,6977.11,4650634.27,4650634.27,65536
Chunks: 65536 (33226752 B) | Speed:  6977.11 KB/s | MaxLat: 4650634.27 us | AvgLat: 4650634.27 us
[linux_driver] Closed /dev/loop0
[linux_driver] RAW open /dev/loop0 (fd=3, sectors=8388608)
[STORAGE] init: 0
66453504,7035.26,9224396.77,9224396.77,131072
Chunks: 131072 (66453504 B) | Speed:  7035.26 KB/s | MaxLat: 9224396.77 us | AvgLat: 9224396.77 us
[linux_driver] Closed /dev/loop0
[linux_driver] RAW open /dev/loop0 (fd=3, sectors=8388608)
[STORAGE] init: 0
132907008,7142.08,18172847.54,18172847.54,262144
Chunks: 262144 (132907008 B) | Speed:  7142.08 KB/s | MaxLat: 18172847.54 us | AvgLat: 18172847.54 us
[linux_driver] Closed /dev/loop0
[linux_driver] RAW open /dev/loop0 (fd=3, sectors=8388608)
[STORAGE] init: 0
265814016,6944.46,37380038.68,37380038.68,524288
Chunks: 524288 (265814016 B) | Speed:  6944.46 KB/s | MaxLat: 37380038.68 us | AvgLat: 37380038.68 us
[linux_driver] Closed /dev/loop0
[linux_driver] RAW open /dev/loop0 (fd=3, sectors=8388608)
[STORAGE] init: 0
531628032,6489.86,79996845.87,79996845.87,1048576
Chunks: 1048576 (531628032 B) | Speed:  6489.86 KB/s | MaxLat: 79996845.87 us | AvgLat: 79996845.87 us
[linux_driver] Closed /dev/loop0
[linux_driver] RAW open /dev/loop0 (fd=3, sectors=8388608)
[STORAGE] init: 0
1063256064,6276.80,165424484.61,165424484.61,2097152
Chunks: 2097152 (1063256064 B) | Speed:  6276.80 KB/s | MaxLat: 165424484.61 us | AvgLat: 165424484.61 us
[zalanvdsz@aranykacsa src]$ 
